Traceback (most recent call last):
  File "c:\python39\lib\site-packages\jupyter_core\utils\__init__.py", line 154, in wrapped
    asyncio.get_running_loop()
RuntimeError: no running event loop

During handling of the above exception, another exception occurred:

Traceback (most recent call last):
  File "c:\python39\lib\site-packages\jupyter_cache\executors\utils.py", line 58, in single_nb_execution
    executenb(
  File "c:\python39\lib\site-packages\nbclient\client.py", line 1305, in execute
    return NotebookClient(nb=nb, resources=resources, km=km, **kwargs).execute()
  File "c:\python39\lib\site-packages\jupyter_core\utils\__init__.py", line 158, in wrapped
    return loop.run_until_complete(inner)
  File "c:\python39\lib\asyncio\base_events.py", line 642, in run_until_complete
    return future.result()
  File "c:\python39\lib\site-packages\nbclient\client.py", line 705, in async_execute
    await self.async_execute_cell(
  File "c:\python39\lib\site-packages\nbclient\client.py", line 1058, in async_execute_cell
    await self._check_raise_for_error(cell, cell_index, exec_reply)
  File "c:\python39\lib\site-packages\nbclient\client.py", line 914, in _check_raise_for_error
    raise CellExecutionError.from_cell_and_msg(cell, exec_reply_content)
nbclient.exceptions.CellExecutionError: An error occurred while executing the following cell:
------------------
import pandas as pd
import numpy as np
import tensorflow as tf

# 1. Muat Data yang sudah dibuat sebelumnya
df = pd.read_csv('data_timeseries_3kolom.csv')

# Mengambil 2 kolom numerik
features = df[['Penjualan', 'Pengunjung']].values

# Normalisasi Min-Max
features_min = features.min(axis=0)
features_max = features.max(axis=0)
features_normalized = (features - features_min) / (features_max - features_min)

# 2. Windowing (Jendela Waktu)
window_size = 3
dataset = tf.keras.utils.timeseries_dataset_from_array(
    data=features_normalized,
    targets=None,
    sequence_length=window_size,
    sequence_stride=1,
    batch_size=4
)

# 3. Model Ekstraktor Fitur
feature_extractor = tf.keras.Sequential([
    tf.keras.layers.Input(shape=(window_size, 2)), 
    
    # LSTM diperbesar agar bisa menangkap pola lebih kompleks dari 2 kolom
    tf.keras.layers.LSTM(32, activation='tanh', return_sequences=False),
    
    # DI SINI KUNCINYA: Kita set output menjadi tepat 14 fitur
    tf.keras.layers.Dense(14, activation='relu', name='fitur_ekstraksi_14')
])

feature_extractor.summary()

# 4. Implementasi
print("\n--- HASIL EKSTRAKSI 14 FITUR ---")
for batch in dataset.take(1):
    extracted_features = feature_extractor.predict(batch)
    
    print(f"Bentuk Input (Batch): {batch.shape}")
    print(f"Bentuk Output: {extracted_features.shape} -> (Batch Size, 14 Fitur)")
    
    print("\nContoh 14 Fitur dari satu potongan jendela waktu:")
    print(extracted_features[0]) # Menampilkan 14 fitur untuk data pertama di batch
------------------


[1;31m-------------------------------------------------------------------[0m
[1;31mModuleNotFoundError[0m               Traceback (most recent call last)
Cell [1;32mIn[1], line 3[0m
[0;32m      1[0m [38;5;28;01mimport[39;00m[38;5;250m [39m[38;5;21;01mpandas[39;00m[38;5;250m [39m[38;5;28;01mas[39;00m[38;5;250m [39m[38;5;21;01mpd[39;00m
[0;32m      2[0m [38;5;28;01mimport[39;00m[38;5;250m [39m[38;5;21;01mnumpy[39;00m[38;5;250m [39m[38;5;28;01mas[39;00m[38;5;250m [39m[38;5;21;01mnp[39;00m
[1;32m----> 3[0m [38;5;28;01mimport[39;00m[38;5;250m [39m[38;5;21;01mtensorflow[39;00m[38;5;250m [39m[38;5;28;01mas[39;00m[38;5;250m [39m[38;5;21;01mtf[39;00m
[0;32m      5[0m [38;5;66;03m# 1. Muat Data yang sudah dibuat sebelumnya[39;00m
[0;32m      6[0m df [38;5;241m=[39m pd[38;5;241m.[39mread_csv([38;5;124m'[39m[38;5;124mdata_timeseries_3kolom.csv[39m[38;5;124m'[39m)

[1;31mModuleNotFoundError[0m: No module named 'tensorflow'

